2026-08-15T21:44:25.880+0800 [INFO]  Terraform version: 1.15.8
2026-08-15T21:44:25.913+0800 [DEBUG] using github.com/hashicorp/go-tfe v1.105.0
2026-08-15T21:44:25.913+0800 [DEBUG] using github.com/hashicorp/hcl/v2 v2.24.0
2026-08-15T21:44:25.913+0800 [DEBUG] using github.com/hashicorp/terraform-svchost v0.2.1
2026-08-15T21:44:25.913+0800 [DEBUG] using github.com/zclconf/go-cty v1.18.0
2026-08-15T21:44:25.913+0800 [INFO]  Go runtime version: go1.25.10
2026-08-15T21:44:25.913+0800 [INFO]  CLI args: []string{"C:\\Program Files\\Terraform\\terraform.exe", "init"}
2026-08-15T21:44:25.914+0800 [TRACE] Stdout is a terminal of width 128
2026-08-15T21:44:25.914+0800 [TRACE] Stderr is a terminal of width 128
2026-08-15T21:44:25.915+0800 [TRACE] Stdin is a terminal
2026-08-15T21:44:25.917+0800 [DEBUG] Attempting to open CLI config file: C:\Users\hp\AppData\Roaming\terraform.rc
2026-08-15T21:44:25.917+0800 [DEBUG] File doesn't exist, but doesn't need to. Ignoring.
2026-08-15T21:44:25.917+0800 [DEBUG] ignoring non-existing provider search directory terraform.d/plugins
2026-08-15T21:44:25.919+0800 [DEBUG] ignoring non-existing provider search directory C:\Users\hp\AppData\Roaming\terraform.d\plugins
2026-08-15T21:44:25.919+0800 [DEBUG] ignoring non-existing provider search directory C:\Users\hp\AppData\Roaming\HashiCorp\Terraform\plugins
2026-08-15T21:44:25.919+0800 [INFO]  CLI command args: []string{"init"}
2026-08-15T21:44:25.921+0800 [TRACE] Meta.Backend: no config given or present on disk, so returning nil config
2026-08-15T21:44:25.921+0800 [TRACE] Meta.Backend: backend has not previously been initialized in this working directory
2026-08-15T21:44:25.921+0800 [TRACE] Meta.Backend: using default local state only (no backend configuration, and no existing initialized backend)
2026-08-15T21:44:25.921+0800 [TRACE] Meta.Backend: instantiated backend of type <nil>
2026-08-15T21:44:25.923+0800 [TRACE] providercache.fillMetaCache: scanning directory .terraform\providers
2026-08-15T21:44:25.923+0800 [TRACE] getproviders.SearchLocalDirectory: found registry.terraform.io/hashicorp/aws v6.58.0 for windows_amd64 at .terraform\providers\registry.terraform.io\hashicorp\aws\6.58.0\windows_amd64
2026-08-15T21:44:25.923+0800 [TRACE] getproviders.SearchLocalDirectory: found registry.terraform.io/hashicorp/azurerm v5.0.1 for windows_amd64 at .terraform\providers\registry.terraform.io\hashicorp\azurerm\5.0.1\windows_amd64
2026-08-15T21:44:25.923+0800 [TRACE] getproviders.SearchLocalDirectory: found registry.terraform.io/hashicorp/azurerm v5.1.0 for windows_amd64 at .terraform\providers\registry.terraform.io\hashicorp\azurerm\5.1.0\windows_amd64
2026-08-15T21:44:25.924+0800 [TRACE] getproviders.SearchLocalDirectory: found registry.terraform.io/hashicorp/kubernetes v3.2.1 for windows_amd64 at .terraform\providers\registry.terraform.io\hashicorp\kubernetes\3.2.1\windows_amd64
2026-08-15T21:44:25.924+0800 [TRACE] getproviders.SearchLocalDirectory: found registry.terraform.io/kreuzwerker/docker v4.5.0 for windows_amd64 at .terraform\providers\registry.terraform.io\kreuzwerker\docker\4.5.0\windows_amd64
2026-08-15T21:44:25.924+0800 [TRACE] providercache.fillMetaCache: including .terraform\providers\registry.terraform.io\hashicorp\aws\6.58.0\windows_amd64 as a candidate package for registry.terraform.io/hashicorp/aws 6.58.0
2026-08-15T21:44:25.924+0800 [TRACE] providercache.fillMetaCache: including .terraform\providers\registry.terraform.io\hashicorp\azurerm\5.0.1\windows_amd64 as a candidate package for registry.terraform.io/hashicorp/azurerm 5.0.1
2026-08-15T21:44:25.924+0800 [TRACE] providercache.fillMetaCache: including .terraform\providers\registry.terraform.io\hashicorp\azurerm\5.1.0\windows_amd64 as a candidate package for registry.terraform.io/hashicorp/azurerm 5.1.0
2026-08-15T21:44:25.924+0800 [TRACE] providercache.fillMetaCache: including .terraform\providers\registry.terraform.io\hashicorp\kubernetes\3.2.1\windows_amd64 as a candidate package for registry.terraform.io/hashicorp/kubernetes 3.2.1
2026-08-15T21:44:25.924+0800 [TRACE] providercache.fillMetaCache: including .terraform\providers\registry.terraform.io\kreuzwerker\docker\4.5.0\windows_amd64 as a candidate package for registry.terraform.io/kreuzwerker/docker 4.5.0
2026-08-15T21:44:28.629+0800 [TRACE] providercache.fillMetaCache: using cached result from previous scan of .terraform\providers
2026-08-15T21:44:29.272+0800 [DEBUG] checking for provisioner in "."
2026-08-15T21:44:29.272+0800 [DEBUG] checking for provisioner in "C:\\Program Files\\Terraform"
2026-08-15T21:44:29.272+0800 [TRACE] Meta.Backend: backend <nil> does not support operations, so wrapping it in a local backend
2026-08-15T21:44:29.272+0800 [TRACE] backend/local: state manager for workspace "default" will:
 - read initial snapshot from terraform.tfstate
 - write new snapshots to terraform.tfstate
 - create any backup at terraform.tfstate.backup
2026-08-15T21:44:29.272+0800 [TRACE] statemgr.Filesystem: reading initial snapshot from terraform.tfstate
2026-08-15T21:44:29.272+0800 [TRACE] statemgr.Filesystem: snapshot file has nil snapshot, but that's okay
2026-08-15T21:44:29.272+0800 [TRACE] statemgr.Filesystem: read nil snapshot
2026-08-15T21:44:29.273+0800 [TRACE] terraform.NewContext: starting
2026-08-15T21:44:29.273+0800 [TRACE] terraform.NewContext: complete
2026-08-15T21:44:29.273+0800 [TRACE] building graph for terraform dependencies
2026-08-15T21:44:29.273+0800 [TRACE] Executing graph transform *terraform.RootVariableTransformer
2026-08-15T21:44:29.273+0800 [TRACE] Executing graph transform *terraform.ModuleTransformer
2026-08-15T21:44:29.273+0800 [TRACE] Executing graph transform *terraform.LocalTransformer
2026-08-15T21:44:29.273+0800 [TRACE] Executing graph transform *terraform.ReferenceTransformer
2026-08-15T21:44:29.273+0800 [TRACE] Executing graph transform *terraform.TransformFilter
2026-08-15T21:44:29.273+0800 [TRACE] Executing graph transform *terraform.variableValidationTransformer
2026-08-15T21:44:29.273+0800 [TRACE] variableValidationTransformer: adding validation nodes for any existing variable evaluation nodes
2026-08-15T21:44:29.273+0800 [TRACE] Executing graph transform *terraform.RootTransformer
2026-08-15T21:44:29.273+0800 [TRACE] Executing graph transform *terraform.TransitiveReductionTransformer
2026-08-15T21:44:29.273+0800 [TRACE] Completed graph transform:
root - terraform.graphNodeRoot
  ------
2026-08-15T21:44:29.273+0800 [DEBUG] Starting graph walk: walkInit
2026-08-15T21:44:29.273+0800 [TRACE] vertex "root": starting visit (terraform.graphNodeRoot)
2026-08-15T21:44:29.273+0800 [TRACE] vertex "root": does not belong to any module instance
2026-08-15T21:44:29.273+0800 [TRACE] vertex "root": visit complete
2026-08-15T21:44:29.273+0800 [DEBUG] Service discovery for registry.terraform.io at https://registry.terraform.io/.well-known/terraform.json
2026-08-15T21:44:29.357+0800 [DEBUG] GET https://registry.terraform.io/v1/providers/hashicorp/aws/versions
2026-08-15T21:44:29.357+0800 [TRACE] HTTP client GET request to https://registry.terraform.io/v1/providers/hashicorp/aws/versions
2026-08-15T21:44:29.402+0800 [DEBUG] GET https://registry.terraform.io/v1/providers/hashicorp/azurerm/versions
2026-08-15T21:44:29.402+0800 [TRACE] HTTP client GET request to https://registry.terraform.io/v1/providers/hashicorp/azurerm/versions
2026-08-15T21:44:29.465+0800 [TRACE] providercache.fillMetaCache: scanning directory .terraform\providers
2026-08-15T21:44:29.467+0800 [TRACE] getproviders.SearchLocalDirectory: found registry.terraform.io/hashicorp/aws v6.58.0 for windows_amd64 at .terraform\providers\registry.terraform.io\hashicorp\aws\6.58.0\windows_amd64
2026-08-15T21:44:29.467+0800 [TRACE] getproviders.SearchLocalDirectory: found registry.terraform.io/hashicorp/azurerm v5.0.1 for windows_amd64 at .terraform\providers\registry.terraform.io\hashicorp\azurerm\5.0.1\windows_amd64
2026-08-15T21:44:29.467+0800 [TRACE] getproviders.SearchLocalDirectory: found registry.terraform.io/hashicorp/azurerm v5.1.0 for windows_amd64 at .terraform\providers\registry.terraform.io\hashicorp\azurerm\5.1.0\windows_amd64
2026-08-15T21:44:29.468+0800 [TRACE] getproviders.SearchLocalDirectory: found registry.terraform.io/hashicorp/kubernetes v3.2.1 for windows_amd64 at .terraform\providers\registry.terraform.io\hashicorp\kubernetes\3.2.1\windows_amd64
2026-08-15T21:44:29.501+0800 [TRACE] getproviders.SearchLocalDirectory: found registry.terraform.io/kreuzwerker/docker v4.5.0 for windows_amd64 at .terraform\providers\registry.terraform.io\kreuzwerker\docker\4.5.0\windows_amd64
2026-08-15T21:44:29.501+0800 [TRACE] providercache.fillMetaCache: including .terraform\providers\registry.terraform.io\hashicorp\aws\6.58.0\windows_amd64 as a candidate package for registry.terraform.io/hashicorp/aws 6.58.0
2026-08-15T21:44:29.502+0800 [TRACE] providercache.fillMetaCache: including .terraform\providers\registry.terraform.io\hashicorp\azurerm\5.0.1\windows_amd64 as a candidate package for registry.terraform.io/hashicorp/azurerm 5.0.1
2026-08-15T21:44:29.502+0800 [TRACE] providercache.fillMetaCache: including .terraform\providers\registry.terraform.io\hashicorp\azurerm\5.1.0\windows_amd64 as a candidate package for registry.terraform.io/hashicorp/azurerm 5.1.0
2026-08-15T21:44:29.502+0800 [TRACE] providercache.fillMetaCache: including .terraform\providers\registry.terraform.io\hashicorp\kubernetes\3.2.1\windows_amd64 as a candidate package for registry.terraform.io/hashicorp/kubernetes 3.2.1
2026-08-15T21:44:29.502+0800 [TRACE] providercache.fillMetaCache: including .terraform\providers\registry.terraform.io\kreuzwerker\docker\4.5.0\windows_amd64 as a candidate package for registry.terraform.io/kreuzwerker/docker 4.5.0
2026-08-15T21:44:32.104+0800 [TRACE] providercache.fillMetaCache: using cached result from previous scan of .terraform\providers
