aws ec2 describe-vpcs --profile master-programmatic-admin --debug
2026-08-22 15:46:47,652 - MainThread - awscli.clidriver - DEBUG - CLI version: aws-cli/2.36.2 Python/3.14.6 Windows/11 exe/AMD64
2026-08-22 15:46:47,652 - MainThread - awscli.clidriver - DEBUG - Arguments entered to CLI: ['ec2', 'describe-vpcs', '--profile', 'master-programmatic-admin', '--debug']
2026-08-22 15:46:47,710 - MainThread - awscli.lazy_emitter - DEBUG - Lazy-initializing plugin awscli.customizations.waiters.register_add_waiters for event building-command-table.main
2026-08-22 15:46:47,712 - MainThread - awscli.lazy_emitter - DEBUG - Lazy-initializing plugin awscli.alias.register_alias_commands for event building-command-table.main
2026-08-22 15:46:47,713 - MainThread - botocore.hooks - DEBUG - Event building-command-table.main: calling handler <function add_waiters at 0x0000022AD4323270>
2026-08-22 15:46:47,741 - MainThread - botocore.hooks - DEBUG - Event building-command-table.main: calling handler <bound method AliasSubCommandInjector.on_building_command_table of <awscli.alias.AliasSubCommandInjector object at 0x0000022AD436CAD0>>
2026-08-22 15:46:47,742 - MainThread - botocore.loaders - DEBUG - Loading JSON file: C:\Program Files\Amazon\AWSCLIV2\awscli\data\cli.json
2026-08-22 15:46:47,744 - MainThread - awscli.lazy_emitter - DEBUG - Lazy-initializing plugin awscli.customizations.globalargs.register_parse_global_args for event top-level-args-parsed
2026-08-22 15:46:47,745 - MainThread - awscli.lazy_emitter - DEBUG - Lazy-initializing plugin awscli.customizations.cloudfront.register for event top-level-args-parsed
2026-08-22 15:46:47,747 - MainThread - botocore.hooks - DEBUG - Event top-level-args-parsed: calling handler <function resolve_types at 0x0000022AD4776090>
2026-08-22 15:46:47,748 - MainThread - botocore.hooks - DEBUG - Event top-level-args-parsed: calling handler <function no_sign_request at 0x0000022AD4776400>
2026-08-22 15:46:47,748 - MainThread - botocore.hooks - DEBUG - Event top-level-args-parsed: calling handler <function resolve_verify_ssl at 0x0000022AD4776350>
2026-08-22 15:46:47,748 - MainThread - botocore.hooks - DEBUG - Event top-level-args-parsed: calling handler <function resolve_cli_read_timeout at 0x0000022AD4776560>
2026-08-22 15:46:47,749 - MainThread - botocore.hooks - DEBUG - Event top-level-args-parsed: calling handler <function resolve_cli_connect_timeout at 0x0000022AD47764B0>
2026-08-22 15:46:47,749 - MainThread - botocore.hooks - DEBUG - Event top-level-args-parsed: calling handler <built-in method update of dict object at 0x0000022AD479B740>
2026-08-22 15:46:47,750 - MainThread - botocore.session - DEBUG - Setting config variable for profile to 'master-programmatic-admin'
2026-08-22 15:46:47,751 - MainThread - awscli.clidriver - DEBUG - CLI version: aws-cli/2.36.2 Python/3.14.6 Windows/11 exe/AMD64
2026-08-22 15:46:47,751 - MainThread - awscli.clidriver - DEBUG - Arguments entered to CLI: ['ec2', 'describe-vpcs', '--profile', 'master-programmatic-admin', '--debug']
2026-08-22 15:46:47,751 - MainThread - awscli.lazy_emitter - DEBUG - Lazy-initializing plugin awscli.paramfile.register_init_uri_param_handler for event session-initialized
2026-08-22 15:46:47,752 - MainThread - awscli.lazy_emitter - DEBUG - Lazy-initializing plugin awscli.customizations.binaryformat.register_init_binary_formatter for event session-initialized
2026-08-22 15:46:47,753 - MainThread - awscli.lazy_emitter - DEBUG - Lazy-initializing plugin awscli.clidriver.register_no_pager_handler for event session-initialized
2026-08-22 15:46:47,753 - MainThread - awscli.lazy_emitter - DEBUG - Lazy-initializing plugin awscli.customizations.assumerole.register_assume_role_provider for event session-initialized
2026-08-22 15:46:47,754 - MainThread - awscli.lazy_emitter - DEBUG - Lazy-initializing plugin awscli.customizations.timestampformat.register_timestamp_format for event session-initialized
2026-08-22 15:46:47,754 - MainThread - awscli.lazy_emitter - DEBUG - Lazy-initializing plugin awscli.customizations.history.register_history_mode for event session-initialized
2026-08-22 15:46:47,762 - MainThread - awscli.lazy_emitter - DEBUG - Lazy-initializing plugin awscli.customizations.sso.register_sso_commands for event session-initialized
2026-08-22 15:46:47,775 - MainThread - botocore.hooks - DEBUG - Event session-initialized: calling handler <function add_timestamp_parser at 0x0000022AD47A1380>
2026-08-22 15:46:47,775 - MainThread - botocore.hooks - DEBUG - Event session-initialized: calling handler <function register_uri_param_handler at 0x0000022AD3F66FB0>
2026-08-22 15:46:47,775 - MainThread - botocore.hooks - DEBUG - Event session-initialized: calling handler <function add_binary_formatter at 0x0000022AD47A0720>
2026-08-22 15:46:47,776 - MainThread - botocore.hooks - DEBUG - Event session-initialized: calling handler <function no_pager_handler at 0x0000022AD430B110>
2026-08-22 15:46:47,776 - MainThread - botocore.hooks - DEBUG - Event session-initialized: calling handler <function inject_assume_role_provider_cache at 0x0000022AD47A10C0>
2026-08-22 15:46:47,782 - MainThread - botocore.utils - DEBUG - IMDS ENDPOINT: http://169.254.169.254/
2026-08-22 15:46:47,784 - MainThread - botocore.credentials - DEBUG - Skipping environment variable credential check because profile name was explicitly set.
2026-08-22 15:46:47,784 - MainThread - botocore.hooks - DEBUG - Event session-initialized: calling handler <function attach_history_handler at 0x0000022AD47A1640>
2026-08-22 15:46:47,784 - MainThread - botocore.hooks - DEBUG - Event session-initialized: calling handler <function inject_json_file_cache at 0x0000022AD486CCA0>
2026-08-22 15:46:47,857 - MainThread - botocore.loaders - DEBUG - Loading JSON file: C:\Program Files\Amazon\AWSCLIV2\awscli\botocore\data\ec2\2016-11-15\service-2.json
2026-08-22 15:46:48,004 - MainThread - awscli.lazy_emitter - DEBUG - Lazy-initializing plugin awscli.customizations.removals.register_removals for event building-command-table.ec2
2026-08-22 15:46:48,006 - MainThread - botocore.hooks - DEBUG - Event building-command-table.ec2: calling handler functools.partial(<function _remove_commands at 0x0000022AD5E58F60>, commands_to_remove=['import-instance', 'import-volume'])
2026-08-22 15:46:48,007 - MainThread - awscli.customizations.removals - DEBUG - Removing operation: import-instance
2026-08-22 15:46:48,007 - MainThread - awscli.customizations.removals - DEBUG - Removing operation: import-volume
2026-08-22 15:46:48,007 - MainThread - botocore.hooks - DEBUG - Event building-command-table.ec2: calling handler <function add_waiters at 0x0000022AD4323270>
2026-08-22 15:46:48,071 - MainThread - botocore.loaders - DEBUG - Loading JSON file: C:\Program Files\Amazon\AWSCLIV2\awscli\botocore\data\ec2\2016-11-15\waiters-2.json
2026-08-22 15:46:48,072 - MainThread - botocore.hooks - DEBUG - Event building-command-table.ec2: calling handler <bound method AliasSubCommandInjector.on_building_command_table of <awscli.alias.AliasSubCommandInjector object at 0x0000022AD436CAD0>>
2026-08-22 15:46:48,074 - MainThread - awscli.clidriver - DEBUG - OrderedDict({'filters': <awscli.arguments.ListArgument object at 0x0000022AD5FB02F0>, 'vpc-ids': <awscli.arguments.ListArgument object at 0x0000022AD5AFB250>, 'next-token': <awscli.arguments.CLIArgument object at 0x0000022AD5FB0440>, 'max-results': <awscli.arguments.CLIArgument object at 0x0000022AD5AFB390>, 'dry-run': <awscli.arguments.BooleanArgument object at 0x0000022AD5FB0590>, 'no-dry-run': <awscli.arguments.BooleanArgument object at 0x0000022AD5AFB4D0>})
2026-08-22 15:46:48,074 - MainThread - awscli.lazy_emitter - DEBUG - Lazy-initializing plugin awscli.customizations.streamingoutputarg.register_streaming_output_arg for event building-argument-table.ec2.describe-vpcs
2026-08-22 15:46:48,075 - MainThread - awscli.lazy_emitter - DEBUG - Lazy-initializing plugin awscli.customizations.argrename.register_arg_renames for event building-argument-table.ec2.describe-vpcs
2026-08-22 15:46:48,077 - MainThread - awscli.lazy_emitter - DEBUG - Lazy-initializing plugin awscli.customizations.toplevelbool.register_bool_params for event building-argument-table.ec2.describe-vpcs
2026-08-22 15:46:48,078 - MainThread - awscli.lazy_emitter - DEBUG - Lazy-initializing plugin awscli.customizations.cliinput.register_cli_input_args for event building-argument-table.ec2.describe-vpcs
2026-08-22 15:46:48,079 - MainThread - awscli.lazy_emitter - DEBUG - Lazy-initializing plugin awscli.customizations.paginate.register_pagination for event building-argument-table.ec2.describe-vpcs
2026-08-22 15:46:48,081 - MainThread - awscli.lazy_emitter - DEBUG - Lazy-initializing plugin awscli.customizations.generatecliskeleton.register_generate_cli_skeleton for event building-argument-table.ec2.describe-vpcs
2026-08-22 15:46:48,082 - MainThread - botocore.hooks - DEBUG - Event building-argument-table.ec2.describe-vpcs: calling handler <function add_streaming_output_arg at 0x0000022AD5E59380>
2026-08-22 15:46:48,083 - MainThread - botocore.hooks - DEBUG - Event building-argument-table.ec2.describe-vpcs: calling handler <function rename_arg.<locals>._rename_arg at 0x0000022AD5E58D50>
2026-08-22 15:46:48,083 - MainThread - botocore.hooks - DEBUG - Event building-argument-table.ec2.describe-vpcs: calling handler <function rename_arg.<locals>._rename_arg at 0x0000022AD5E59DD0>
2026-08-22 15:46:48,083 - MainThread - botocore.hooks - DEBUG - Event building-argument-table.ec2.describe-vpcs: calling handler functools.partial(<function pull_up_bool at 0x0000022AD5FC9E80>, event_handler=<awscli.lazy_emitter.LazyInitEmitter object at 0x0000022AD42BE510>)
2026-08-22 15:46:48,083 - MainThread - botocore.hooks - DEBUG - Event building-argument-table.ec2.describe-vpcs: calling handler <function add_cli_input_json at 0x0000022AD5FCA4B0>
2026-08-22 15:46:48,084 - MainThread - botocore.hooks - DEBUG - Event building-argument-table.ec2.describe-vpcs: calling handler <function add_cli_input_yaml at 0x0000022AD5FCB3D0>
2026-08-22 15:46:48,084 - MainThread - botocore.hooks - DEBUG - Event building-argument-table.ec2.describe-vpcs: calling handler <function unify_paging_params at 0x0000022AD5FCBC10>
2026-08-22 15:46:48,139 - MainThread - botocore.loaders - DEBUG - Loading JSON file: C:\Program Files\Amazon\AWSCLIV2\awscli\botocore\data\ec2\2016-11-15\paginators-1.json
2026-08-22 15:46:48,140 - MainThread - botocore.loaders - DEBUG - Loading JSON file: C:\Program Files\Amazon\AWSCLIV2\awscli\botocore\data\ec2\2016-11-15\paginators-1.sdk-extras.json
2026-08-22 15:46:48,141 - MainThread - awscli.customizations.paginate - DEBUG - Modifying paging parameters for operation: DescribeVpcs
2026-08-22 15:46:48,141 - MainThread - botocore.hooks - DEBUG - Event building-argument-table.ec2.describe-vpcs: calling handler <function add_generate_skeleton at 0x0000022AD4E5CA90>
2026-08-22 15:46:48,142 - MainThread - botocore.hooks - DEBUG - Event before-building-argument-table-parser.ec2.describe-vpcs: calling handler <bound method OverrideRequiredArgsArgument.override_required_args of <awscli.customizations.cliinput.CliInputJSONArgument object at 0x0000022AD5FB0EC0>>
2026-08-22 15:46:48,142 - MainThread - botocore.hooks - DEBUG - Event before-building-argument-table-parser.ec2.describe-vpcs: calling handler <bound method OverrideRequiredArgsArgument.override_required_args of <awscli.customizations.cliinput.CliInputYAMLArgument object at 0x0000022AD5FB1160>>
2026-08-22 15:46:48,142 - MainThread - botocore.hooks - DEBUG - Event before-building-argument-table-parser.ec2.describe-vpcs: calling handler <bound method GenerateCliSkeletonArgument.override_required_args of <awscli.customizations.generatecliskeleton.GenerateCliSkeletonArgument object at 0x0000022AD5FB1550>>
2026-08-22 15:46:48,142 - MainThread - botocore.hooks - DEBUG - Event building-command-table.ec2_describe-vpcs: calling handler <function add_waiters at 0x0000022AD4323270>
2026-08-22 15:46:48,143 - MainThread - botocore.hooks - DEBUG - Event building-command-table.ec2_describe-vpcs: calling handler <bound method AliasSubCommandInjector.on_building_command_table of <awscli.alias.AliasSubCommandInjector object at 0x0000022AD436CAD0>>
2026-08-22 15:46:48,144 - MainThread - botocore.hooks - DEBUG - Event operation-args-parsed.ec2.describe-vpcs: calling handler functools.partial(<function validate_boolean_mutex_groups at 0x0000022AD5FC9F30>, boolean_pairs=[])        
2026-08-22 15:46:48,144 - MainThread - botocore.hooks - DEBUG - Event operation-args-parsed.ec2.describe-vpcs: calling handler functools.partial(<function check_should_enable_pagination at 0x0000022AD5FCBD70>, ['next-token', 'max-results'], {}, OrderedDict({'filters': <awscli.arguments.ListArgument object at 0x0000022AD5FB02F0>, 'vpc-ids': <awscli.arguments.ListArgument object at 0x0000022AD5AFB250>, 'next-token': <awscli.arguments.CLIArgument object at 0x0000022AD5FB0440>, 'max-results': <awscli.arguments.CLIArgument object at 0x0000022AD5AFB390>, 'dry-run': <awscli.arguments.BooleanArgument object at 0x0000022AD5FB0590>, 'no-dry-run': <awscli.arguments.BooleanArgument object at 0x0000022AD5AFB4D0>, 'cli-input-json': <awscli.customizations.cliinput.CliInputJSONArgument object at 0x0000022AD5FB0EC0>, 'cli-input-yaml': <awscli.customizations.cliinput.CliInputYAMLArgument object at 0x0000022AD5FB1160>, 'starting-token': <awscli.customizations.paginate.PageArgument object at 0x0000022AD5FB12B0>, 'page-size': <awscli.customizations.paginate.PageArgument object at 0x0000022AD4E687D0>, 'max-items': <awscli.customizations.paginate.PageArgument object at 0x0000022AD4E68910>, 'generate-cli-skeleton': <awscli.customizations.generatecliskeleton.GenerateCliSkeletonArgument object at 0x0000022AD5FB1550>}))
2026-08-22 15:46:48,145 - MainThread - botocore.hooks - DEBUG - Event load-cli-arg.ec2.describe-vpcs.filters: calling handler <awscli.paramfile.URIArgumentHandler object at 0x0000022AD47E9550>
2026-08-22 15:46:48,146 - MainThread - botocore.hooks - DEBUG - Event load-cli-arg.ec2.describe-vpcs.vpc-ids: calling handler <awscli.paramfile.URIArgumentHandler object at 0x0000022AD47E9550>
2026-08-22 15:46:48,146 - MainThread - botocore.hooks - DEBUG - Event load-cli-arg.ec2.describe-vpcs.next-token: calling handler <awscli.paramfile.URIArgumentHandler object at 0x0000022AD47E9550>
2026-08-22 15:46:48,146 - MainThread - botocore.hooks - DEBUG - Event load-cli-arg.ec2.describe-vpcs.max-results: calling handler <awscli.paramfile.URIArgumentHandler object at 0x0000022AD47E9550>
2026-08-22 15:46:48,147 - MainThread - botocore.hooks - DEBUG - Event load-cli-arg.ec2.describe-vpcs.dry-run: calling handler <awscli.paramfile.URIArgumentHandler object at 0x0000022AD47E9550>
2026-08-22 15:46:48,147 - MainThread - botocore.hooks - DEBUG - Event load-cli-arg.ec2.describe-vpcs.cli-input-json: calling handler <awscli.paramfile.URIArgumentHandler object at 0x0000022AD47E9550>
2026-08-22 15:46:48,147 - MainThread - botocore.hooks - DEBUG - Event load-cli-arg.ec2.describe-vpcs.cli-input-yaml: calling handler <awscli.paramfile.URIArgumentHandler object at 0x0000022AD47E9550>
2026-08-22 15:46:48,148 - MainThread - botocore.hooks - DEBUG - Event load-cli-arg.ec2.describe-vpcs.starting-token: calling handler <awscli.paramfile.URIArgumentHandler object at 0x0000022AD47E9550>
2026-08-22 15:46:48,148 - MainThread - botocore.hooks - DEBUG - Event load-cli-arg.ec2.describe-vpcs.page-size: calling handler <awscli.paramfile.URIArgumentHandler object at 0x0000022AD47E9550>
2026-08-22 15:46:48,148 - MainThread - botocore.hooks - DEBUG - Event load-cli-arg.ec2.describe-vpcs.max-items: calling handler <awscli.paramfile.URIArgumentHandler object at 0x0000022AD47E9550>
2026-08-22 15:46:48,148 - MainThread - botocore.hooks - DEBUG - Event load-cli-arg.ec2.describe-vpcs.generate-cli-skeleton: calling handler <awscli.paramfile.URIArgumentHandler object at 0x0000022AD47E9550>
2026-08-22 15:46:48,149 - MainThread - botocore.hooks - DEBUG - Event calling-command.ec2.describe-vpcs: calling handler <bound method CliInputArgument.add_to_call_parameters of <awscli.customizations.cliinput.CliInputJSONArgument object at 0x0000022AD5FB0EC0>>
2026-08-22 15:46:48,149 - MainThread - botocore.hooks - DEBUG - Event calling-command.ec2.describe-vpcs: calling handler <bound method CliInputArgument.add_to_call_parameters of <awscli.customizations.cliinput.CliInputYAMLArgument object at 0x0000022AD5FB1160>>
2026-08-22 15:46:48,149 - MainThread - botocore.hooks - DEBUG - Event calling-command.ec2.describe-vpcs: calling handler <bound method GenerateCliSkeletonArgument.generate_skeleton of <awscli.customizations.generatecliskeleton.GenerateCliSkeletonArgument object at 0x0000022AD5FB1550>>
2026-08-22 15:46:48,149 - MainThread - botocore.hooks - DEBUG - Event calling-command.ec2.describe-vpcs: calling handler functools.partial(<function check_should_enable_pagination_call_parameters at 0x0000022AD4E5C300>, ['NextToken', 'MaxResults'])
2026-08-22 15:46:48,150 - MainThread - botocore.hooks - DEBUG - Event before-create-client: calling handler <function register_session_id_event.<locals>._inject_session_id at 0x0000022AD4322CF0>
2026-08-22 15:46:48,180 - MainThread - botocore.credentials - DEBUG - Looking for credentials via: assume-role
2026-08-22 15:46:48,180 - MainThread - botocore.credentials - DEBUG - Looking for credentials via: assume-role-with-web-identity
2026-08-22 15:46:48,181 - MainThread - botocore.credentials - DEBUG - Looking for credentials via: sso
2026-08-22 15:46:48,181 - MainThread - botocore.credentials - DEBUG - Looking for credentials via: shared-credentials-file
2026-08-22 15:46:48,182 - MainThread - botocore.credentials - INFO - Found credentials in shared credentials file: ~/.aws/credentials
2026-08-22 15:46:48,185 - MainThread - botocore.loaders - DEBUG - Loading JSON file: C:\Program Files\Amazon\AWSCLIV2\awscli\botocore\data\endpoints.json
2026-08-22 15:46:48,213 - MainThread - botocore.hooks - DEBUG - Event choose-service-name: calling handler <function handle_service_name_alias at 0x0000022AD363F7F0>
2026-08-22 15:46:48,270 - MainThread - botocore.loaders - DEBUG - Loading JSON file: C:\Program Files\Amazon\AWSCLIV2\awscli\botocore\data\ec2\2016-11-15\endpoint-rule-set-1.json
2026-08-22 15:46:48,271 - MainThread - botocore.loaders - DEBUG - Loading JSON file: C:\Program Files\Amazon\AWSCLIV2\awscli\botocore\data\partitions.json
2026-08-22 15:46:48,280 - MainThread - botocore.hooks - DEBUG - Event creating-client-class.ec2: calling handler <function add_generate_presigned_url at 0x0000022AD3BE3B60>
2026-08-22 15:46:48,281 - MainThread - botocore.configprovider - DEBUG - Looking for endpoint for ec2 via: environment_service
2026-08-22 15:46:48,281 - MainThread - botocore.configprovider - DEBUG - Looking for endpoint for ec2 via: environment_global
2026-08-22 15:46:48,281 - MainThread - botocore.configprovider - DEBUG - Looking for endpoint for ec2 via: config_service
2026-08-22 15:46:48,282 - MainThread - botocore.configprovider - DEBUG - Looking for endpoint for ec2 via: config_global
2026-08-22 15:46:48,282 - MainThread - botocore.configprovider - DEBUG - No configured endpoint found.
2026-08-22 15:46:48,284 - MainThread - botocore.endpoint - DEBUG - Setting ec2 timeout as (60, 60)
2026-08-22 15:46:48,287 - MainThread - botocore.hooks - DEBUG - Event provide-client-params.ec2.DescribeVpcs: calling handler <function base64_decode_input_blobs at 0x0000022AD47A07D0>
2026-08-22 15:46:48,287 - MainThread - botocore.hooks - DEBUG - Event before-parameter-build.ec2.DescribeVpcs: calling handler <bound method ParameterAlias.alias_parameter_in_call of <botocore.handlers.ParameterAlias object at 0x0000022AD3BEE510>>
2026-08-22 15:46:48,287 - MainThread - botocore.hooks - DEBUG - Event before-parameter-build.ec2.DescribeVpcs: calling handler <function generate_idempotent_uuid at 0x0000022AD3C87E20>
2026-08-22 15:46:48,288 - MainThread - botocore.hooks - DEBUG - Event before-parameter-build.ec2.DescribeVpcs: calling handler <function _handle_request_validation_mode_member at 0x0000022AD3CAEF00>
2026-08-22 15:46:48,288 - MainThread - botocore.regions - DEBUG - Calling endpoint provider with parameters: {'Region': 'ap-southeast-1', 'UseDualStack': False, 'UseFIPS': False}
2026-08-22 15:46:48,289 - MainThread - botocore.regions - DEBUG - Endpoint provider result: https://ec2.ap-southeast-1.amazonaws.com
2026-08-22 15:46:48,289 - MainThread - botocore.hooks - DEBUG - Event before-call.ec2.DescribeVpcs: calling handler <function inject_api_version_header_if_needed at 0x0000022AD3CADC70>
2026-08-22 15:46:48,289 - MainThread - botocore.endpoint - DEBUG - Making request for OperationModel(name=DescribeVpcs) with params: {'url_path': '/', 'query_string': '', 'method': 'POST', 'headers': {'Content-Type': 'application/x-www-form-urlencoded; charset=utf-8', 'User-Agent': 'aws-cli/2.36.2 md/awscrt#0.36.0 ua/2.1 os/windows#11 md/arch#amd64 lang/python#3.14.6 md/pyimpl#CPython m/n,Z,E,C,b cfg/retry-mode#standard md/installer#exe sid/2372846e6736 md/prompt#off md/command#ec2.describe-vpcs'}, 'body': {'Action': 'DescribeVpcs', 'Version': '2016-11-15'}, 'url': 'https://ec2.ap-southeast-1.amazonaws.com/', 'context': {'client_region': 'ap-southeast-1', 'client_config': <botocore.config.Config object at 0x0000022AD4E696D0>, 'has_streaming_input': False, 'auth_type': None, 'unsigned_payload': None, 'auth_options': ['aws.auth#sigv4']}}
2026-08-22 15:46:48,290 - MainThread - botocore.hooks - DEBUG - Event request-created.ec2.DescribeVpcs: calling handler <bound method RequestSigner.handler of <botocore.signers.RequestSigner object at 0x0000022AD5FB2510>>
2026-08-22 15:46:48,290 - MainThread - botocore.hooks - DEBUG - Event choose-signer.ec2.DescribeVpcs: calling handler <function set_operation_specific_signer at 0x0000022AD3C87B60>
2026-08-22 15:46:48,290 - MainThread - botocore.hooks - DEBUG - Event choose-signer.ec2.DescribeVpcs: calling handler <function _set_auth_scheme_preference_signer at 0x0000022AD3CAEFB0>
2026-08-22 15:46:48,291 - MainThread - botocore.auth - DEBUG - Calculating signature using v4 auth.
2026-08-22 15:46:48,291 - MainThread - botocore.auth - DEBUG - CanonicalRequest:
POST
/

content-type:application/x-www-form-urlencoded; charset=utf-8
host:ec2.ap-southeast-1.amazonaws.com
x-amz-date:20260822T074648Z

content-type;host;x-amz-date
d821ac2c2958664a08eb0f0b183ebf80201e8a50da5d9e98eca9bc36ef648656
2026-08-22 15:46:48,291 - MainThread - botocore.auth - DEBUG - StringToSign:
AWS4-HMAC-SHA256
20260822T074648Z
20260822/ap-southeast-1/ec2/aws4_request
58d7268b57221c9b49f2a7b9c7ba175d6efdf82d08826284197106965323c598
2026-08-22 15:46:48,292 - MainThread - botocore.auth - DEBUG - Signature:
da7f8e13f64c21ec0031f04d5590bf32c078d8adc10d4fb4501aeff3437b5e2f
2026-08-22 15:46:48,292 - MainThread - botocore.hooks - DEBUG - Event request-created.ec2.DescribeVpcs: calling handler <bound method UserAgentString.rebuild_and_replace_user_agent_handler of <botocore.useragent.UserAgentString object at 0x0000022AD4E6A490>>
2026-08-22 15:46:48,292 - MainThread - botocore.hooks - DEBUG - Event request-created.ec2.DescribeVpcs: calling handler <function add_retry_headers at 0x0000022AD3CAE770>
2026-08-22 15:46:48,293 - MainThread - botocore.endpoint - DEBUG - Sending http request: <AWSPreparedRequest stream_output=False, method=POST, url=https://ec2.ap-southeast-1.amazonaws.com/, headers={'Content-Type': b'application/x-www-form-urlencoded; charset=utf-8', 'User-Agent': b'aws-cli/2.36.2 md/awscrt#0.36.0 ua/2.1 os/windows#11 md/arch#amd64 lang/python#3.14.6 md/pyimpl#CPython m/n,Z,E,C,b cfg/retry-mode#standard md/installer#exe sid/2372846e6736 md/prompt#off md/command#ec2.describe-vpcs', 'X-Amz-Date': b'20260822T074648Z', 'Authorization': b'AWS4-HMAC-SHA256 Credential=AKIATIFNROZRHZWXP24Z/20260822/ap-southeast-1/ec2/aws4_request, SignedHeaders=content-type;host;x-amz-date, Signature=da7f8e13f64c21ec0031f04d5590bf32c078d8adc10d4fb4501aeff3437b5e2f', 'amz-sdk-invocation-id': b'fe8c4093-a5f4-41da-a56d-fb6c13ca51a9', 'amz-sdk-request': b'attempt=1', 'Content-Length': '38'}>
2026-08-22 15:46:48,293 - MainThread - botocore.httpsession - DEBUG - Certificate path: C:\Program Files\Amazon\AWSCLIV2\awscli\botocore\cacert.pem
2026-08-22 15:46:48,294 - MainThread - urllib3.connectionpool - DEBUG - Starting new HTTPS connection (1): ec2.ap-southeast-1.amazonaws.com:443
2026-08-22 15:46:48,787 - MainThread - urllib3.connectionpool - DEBUG - https://ec2.ap-southeast-1.amazonaws.com:443 "POST / HTTP/1.1" 403 None
2026-08-22 15:46:48,788 - MainThread - botocore.parsers - DEBUG - Response headers: {'x-amzn-RequestId': '26dc9267-30a8-4377-934f-3a80d408978e', 'Cache-Control': 'no-cache, no-store', 'Strict-Transport-Security': 'max-age=31536000; includeSubDomains', 'vary': 'accept-encoding', 'Content-Type': 'text/xml;charset=UTF-8', 'Transfer-Encoding': 'chunked', 'Date': 'Sat, 22 Aug 2026 07:46:47 GMT', 'Server': 'AmazonEC2'}
2026-08-22 15:46:48,789 - MainThread - botocore.parsers - DEBUG - Response body:
b'<?xml version="1.0" encoding="UTF-8"?>\n<Response><Errors><Error><Code>UnauthorizedOperation</Code><Message>You are not authorized to perform this operation. User: arn:aws:iam::223702251106:user/master-programmatic-admin is not authorized to perform: ec2:DescribeVpcs because no identity-based policy allows the ec2:DescribeVpcs action</Message></Error></Errors><RequestID>26dc9267-30a8-4377-934f-3a80d408978e</RequestID></Response>'
2026-08-22 15:46:48,819 - MainThread - botocore.hooks - DEBUG - Event needs-retry.ec2.DescribeVpcs: calling handler <bound method RetryHandler.needs_retry of <botocore.retries.standard.RetryHandler object at 0x0000022AD5104D70>>
2026-08-22 15:46:48,820 - MainThread - botocore.retries.standard - DEBUG - Not retrying request.
2026-08-22 15:46:48,820 - MainThread - botocore.hooks - DEBUG - Event after-call.ec2.DescribeVpcs: calling handler <bound method RetryQuotaChecker.release_retry_quota of <botocore.retries.standard.RetryQuotaChecker object at 0x0000022AD5FB3CB0>>
2026-08-22 15:46:48,821 - MainThread - awscli.clidriver - DEBUG - Exception caught in main()
Traceback (most recent call last):
  File "awscli\clidriver.py", line 604, in main
  File "awscli\clidriver.py", line 742, in __call__
  File "awscli\clidriver.py", line 959, in __call__
  File "awscli\clidriver.py", line 1098, in invoke
  File "awscli\clidriver.py", line 1119, in _display_response
  File "awscli\formatter.py", line 76, in __call__
  File "awscli\botocore\paginate.py", line 483, in build_full_result
  File "awscli\botocore\paginate.py", line 267, in __iter__
  File "awscli\botocore\context.py", line 124, in wrapper
  File "awscli\botocore\paginate.py", line 356, in _make_request
  File "awscli\botocore\client.py", line 442, in _api_call
  File "awscli\botocore\context.py", line 124, in wrapper
  File "awscli\botocore\client.py", line 932, in _make_api_call
botocore.exceptions.ClientError: An error occurred (UnauthorizedOperation) when calling the DescribeVpcs operation: You are not authorized to perform this operation. User: arn:aws:iam::223702251106:user/master-programmatic-admin is not authorized to perform: ec2:DescribeVpcs because no identity-based policy allows the ec2:DescribeVpcs action

aws: [ERROR]: An error occurred (UnauthorizedOperation) when calling the DescribeVpcs operation: You are not authorized to perform this operation. User: arn:aws:iam::223702251106:user/master-programmatic-admin is not authorized to perform: ec2:DescribeVpcs because no identity-based policy allows the ec2:DescribeVpcs action
PS D:\NwayNway\HelloCloud\Hello-Terraform> 